 (0,0) : warning CC1080: Type Tests.Sources.Derived implements Tests.Sources.I`1<System.Int32>.M(System.Int32,System.String) by inheriting Tests.Sources.Base.M(System.Int32,System.String) causing the interface contract to not be checked at runtime. Consider adding a wrapper method.
 (0,0) : warning CC1080: Type Tests.Sources.Derived implements Tests.Sources.I`1<System.Int32>.N(System.Int32,System.String,type parameter.Q) by inheriting Tests.Sources.Intermediate`1<System.Int32>.N(System.Int32,System.String,type parameter.Q) causing the interface contract to not be checked at runtime. Consider adding a wrapper method.
