c:\Users\maf\cci1\Foxtrot\Tests\CheckerTests\CC1012.cs(7,5) : error CC1012: Contract call found after prior EndContractBlock.
c:\Users\maf\cci1\Foxtrot\Tests\CheckerTests\CC1012.cs(13,5) : error CC1012: Contract call found after prior EndContractBlock.
c:\Users\maf\cci1\Foxtrot\Tests\CheckerTests\CC1012.cs(18,5) : error CC1012: Contract call found after prior EndContractBlock.
