c:\Users\maf\cci1\Foxtrot\Tests\CheckerTests\CC1016.cs(21,5) : error CC1016: Contract.Assert/Contract.Assume cannot be used in contract section. Use only Requires and Ensures.
c:\Users\maf\cci1\Foxtrot\Tests\CheckerTests\CC1016.cs(25,5) : error CC1016: Contract.Assert/Contract.Assume cannot be used in contract section. Use only Requires and Ensures.
c:\Users\maf\cci1\Foxtrot\Tests\CheckerTests\CC1016.cs(29,5) : error CC1016: Contract.Assert/Contract.Assume cannot be used in contract section. Use only Requires and Ensures.
c:\Users\maf\cci1\Foxtrot\Tests\CheckerTests\CC1016.cs(33,5) : error CC1016: Contract.Assert/Contract.Assume cannot be used in contract section. Use only Requires and Ensures.
