euex10    euex10    <euex10.pfb
euex7     euex7     <euex7.pfb
euex8     euex8     <euex8.pfb
euex9     euex9     <euex9.pfb
eufb10    eufb10    <eufb10.pfb
eufb5     eufb5     <eufb5.pfb
eufb6     eufb6     <eufb6.pfb
eufb7     eufb7     <eufb7.pfb
eufb8     eufb8     <eufb8.pfb
eufb9     eufb9     <eufb9.pfb
eufm10    eufm10    <eufm10.pfb
eufm5     eufm5     <eufm5.pfb
eufm6     eufm6     <eufm6.pfb
eufm7     eufm7     <eufm7.pfb
eufm8     eufm8     <eufm8.pfb
eufm9     eufm9     <eufm9.pfb
eurb10    eurb10    <eurb10.pfb
eurb5     eurb5     <eurb5.pfb
eurb6     eurb6     <eurb6.pfb
eurb7     eurb7     <eurb7.pfb
eurb8     eurb8     <eurb8.pfb
eurb9     eurb9     <eurb9.pfb
eurm10    eurm10    <eurm10.pfb
eurm5     eurm5     <eurm5.pfb
eurm6     eurm6     <eurm6.pfb
eurm7     eurm7     <eurm7.pfb
eurm8     eurm8     <eurm8.pfb
eurm9     eurm9     <eurm9.pfb
eusb10    eusb10    <eusb10.pfb
eusb5     eusb5     <eusb5.pfb
eusb6     eusb6     <eusb6.pfb
eusb7     eusb7     <eusb7.pfb
eusb8     eusb8     <eusb8.pfb
eusb9     eusb9     <eusb9.pfb
eusm10    eusm10    <eusm10.pfb
eusm5     eusm5     <eusm5.pfb
eusm6     eusm6     <eusm6.pfb
eusm7     eusm7     <eusm7.pfb
eusm8     eusm8     <eusm8.pfb
eusm9     eusm9     <eusm9.pfb
msam10    msam10    <msam10.pfb
msam5     msam5     <msam5.pfb
msam6     msam6     <msam6.pfb
msam7     msam7     <msam7.pfb
msam8     msam8     <msam8.pfb
msam9     msam9     <msam9.pfb
msbm10    msbm10    <msbm10.pfb
msbm5     msbm5     <msbm5.pfb
msbm6     msbm6     <msbm6.pfb
msbm7     msbm7     <msbm7.pfb
msbm8     msbm8     <msbm8.pfb
msbm9     msbm9     <msbm9.pfb
