bbmss12 TeX-bbmss12 <bbmss12.pfb
bbmsl8 TeX-bbmsl8 <bbmsl8.pfb
bbmtt10 TeX-bbmtt10 <bbmtt10.pfb
bbmss10 TeX-bbmss10 <bbmss10.pfb
bbmbx12 TeX-bbmbx12 <bbmbx12.pfb
bbm5 TeX-bbm5 <bbm5.pfb
bbm8 TeX-bbm8 <bbm8.pfb
bbmss17 TeX-bbmss17 <bbmss17.pfb
bbmsl9 TeX-bbmsl9 <bbmsl9.pfb
bbmssdc10 TeX-bbmssdc10 <bbmssdc10.pfb
bbmvtt10 TeX-bbmvtt10 <bbmvtt10.pfb
bbmbxsl10 TeX-bbmbxsl10 <bbmbxsl10.pfb
bbm12 TeX-bbm12 <bbm12.pfb
bbmtt9 TeX-bbmtt9 <bbmtt9.pfb
bbmssi17 TeX-bbmssi17 <bbmssi17.pfb
bbmssqi8 TeX-bbmssqi8 <bbmssqi8.pfb
bbmbx7 TeX-bbmbx7 <bbmbx7.pfb
bbmtt12 TeX-bbmtt12 <bbmtt12.pfb
bbm6 TeX-bbm6 <bbm6.pfb
bbmsl10 TeX-bbmsl10 <bbmsl10.pfb
bbmssi8 TeX-bbmssi8 <bbmssi8.pfb
bbmssi12 TeX-bbmssi12 <bbmssi12.pfb
bbmss8 TeX-bbmss8 <bbmss8.pfb
bbmssi10 TeX-bbmssi10 <bbmssi10.pfb
bbmssi9 TeX-bbmssi9 <bbmssi9.pfb
bbm17 TeX-bbm17 <bbm17.pfb
bbmssq8 TeX-bbmssq8 <bbmssq8.pfb
bbmdunh10 TeX-bbmdunh10 <bbmdunh10.pfb
bbmsltt10 TeX-bbmsltt10 <bbmsltt10.pfb
bbminch TeX-bbminch <bbminch.pfb
bbmbx5 TeX-bbmbx5 <bbmbx5.pfb
bbmbx10 TeX-bbmbx10 <bbmbx10.pfb
bbmtt8 TeX-bbmtt8 <bbmtt8.pfb
bbmbx9 TeX-bbmbx9 <bbmbx9.pfb
bbm7 TeX-bbm7 <bbm7.pfb
bbmbx6 TeX-bbmbx6 <bbmbx6.pfb
bbmbx8 TeX-bbmbx8 <bbmbx8.pfb
bbm9 TeX-bbm9 <bbm9.pfb
bbmssbx10 TeX-bbmssbx10 <bbmssbx10.pfb
bbmss9 TeX-bbmss9 <bbmss9.pfb
bbmb10 TeX-bbmb10 <bbmb10.pfb
bbmfib8 TeX-bbmfib8 <bbmfib8.pfb
bbm10 TeX-bbm10 <bbm10.pfb
bbmsl12 TeX-bbmsl12 <bbmsl12.pfb
